// Jest Snapshot v1, https://goo.gl/fbAQLP

exports[`<App /> Matches snapshot 1`] = `
<div>
  <div
    className="homeBanner"
  >
    <div
      className="ui container"
    >
      <h1
        className="ui inverted header"
      >
        SamiSaleh.com
      </h1>
    </div>
  </div>
  <div
    className="ui container"
  >
    <div
      className="ui basic segment"
    >
      <div
        className="ui centered stackable center aligned two column grid"
      >
        <div
          className="column"
        >
          <div
            className="ui items homeItem"
          >
            <div
              className="item"
            >
              <div
                className="image"
              >
                <i
                  aria-hidden="true"
                  className="purple wrench huge bordered inverted icon"
                  onClick={[Function]}
                />
              </div>
              <div
                className="content"
              >
                <h1
                  className="header"
                >
                  <a
                    href="/designs/shop-shelves"
                    onClick={[Function]}
                  >
                    Shop Shelves
                  </a>
                </h1>
                <div
                  className="description"
                >
                  A simple shelf design
                </div>
                <div
                  className="extra"
                >
                  <div
                    className="ui purple label"
                    onClick={[Function]}
                  >
                    Designs
                  </div>
                </div>
              </div>
            </div>
            <div
              className="item"
            >
              <div
                className="image"
              >
                <i
                  aria-hidden="true"
                  className="purple code huge bordered inverted icon"
                  onClick={[Function]}
                />
              </div>
              <div
                className="content"
              >
                <h1
                  className="header"
                >
                  <a
                    href="/editors/markdown"
                    onClick={[Function]}
                  >
                    Markdown
                  </a>
                </h1>
                <div
                  className="description"
                >
                  A split view Markdown editor which will render content as you type
                </div>
                <div
                  className="extra"
                >
                  <div
                    className="ui purple label"
                    onClick={[Function]}
                  >
                    Editors
                  </div>
                </div>
              </div>
            </div>
          </div>
        </div>
        <div
          className="column"
        >
          <div
            className="ui items homeItem"
          >
            <div
              className="item"
            >
              <div
                className="image"
              >
                <i
                  aria-hidden="true"
                  className="purple code huge bordered inverted icon"
                  onClick={[Function]}
                />
              </div>
              <div
                className="content"
              >
                <h1
                  className="header"
                >
                  <a
                    href="/editors/json"
                    onClick={[Function]}
                  >
                    JSON
                  </a>
                </h1>
                <div
                  className="description"
                >
                  A simple JSON editor with minification and pretty options
                </div>
                <div
                  className="extra"
                >
                  <div
                    className="ui purple label"
                    onClick={[Function]}
                  >
                    Editors
                  </div>
                </div>
              </div>
            </div>
          </div>
        </div>
      </div>
    </div>
  </div>
</div>
`;
